
> scholarly-help-next@0.1.0 build
> next build

  Γû▓ Next.js 14.2.5
  - Environments: .env.local
  - Experiments (use with caution):
    ┬╖ optimizeCss

   Creating an optimized production build ...
 Γ£ô Compiled successfully
   Skipping linting
   Checking validity of types ...
   Collecting page data ...
   Generating static pages (0/245) ...
Time 13.8891
Time 13.834
   Generating static pages (61/245) 
   Generating static pages (122/245) 
   Generating static pages (183/245) 
 Γ£ô Generating static pages (245/245)
   Finalizing page optimization ...
   Collecting build traces ...

Route (app)                                 Size     First Load JS
Γöî Γùï /                                       825 B           151 kB
Γö£ Γùï /_not-found                             153 B          91.8 kB
Γö£ ╞Æ /[category]/[slug]                      153 B          91.8 kB
Γö£ ╞Æ /a-or-b-grade-guarantee                 4.61 kB         185 kB
Γö£ Γùï /about-us                               1.94 kB         141 kB
Γö£ Γùï /admin                                  1.57 kB        93.2 kB
Γö£ Γùï /admin/a-or-b-grade-guarantee           2.77 kB        94.4 kB
Γö£ Γùï /admin/assignment                       6.22 kB        97.9 kB
Γö£ Γùï /admin/essay-writing                    6.27 kB        97.9 kB
Γö£ Γùï /admin/exam                             4.93 kB        96.6 kB
Γö£ Γùï /admin/faq                              1.5 kB         93.2 kB
Γö£ Γùï /admin/guarantee-anonymity              2.48 kB        94.1 kB
Γö£ Γùï /admin/home                             3.66 kB        95.3 kB
Γö£ Γùï /admin/homework                         6.72 kB        98.4 kB
Γö£ Γùï /admin/login                            1.19 kB        92.8 kB
Γö£ Γùï /admin/on-time-delivery-guarantee       2.8 kB         94.5 kB
Γö£ Γùï /admin/online-class                     6.73 kB        98.4 kB
Γö£ Γùï /admin/pages                            1.27 kB        92.9 kB
Γö£ Γùï /admin/plagiarism-free-process          2.57 kB        94.2 kB
Γö£ Γùï /admin/success-stories-and-reviews      2.57 kB        94.2 kB
Γö£ Γùï /admin/take-my-class                    3.41 kB        95.1 kB
Γö£ Γùï /admin/take-my-class-1                  2.98 kB        94.6 kB
Γö£ Γùï /admin/take-my-class-2                  3.7 kB         95.3 kB
Γö£ Γùï /admin/take-my-exam                     3.4 kB         95.1 kB
Γö£ Γùï /admin/tools                            2.74 kB        94.4 kB
Γö£ Γùï /admin/us-based-phd-experts             2.59 kB        94.2 kB
Γö£ Γùï /ai-essay-generator                     166 B           133 kB
Γö£ Γùï /ai-paraphraser                         166 B           133 kB
Γö£ Γùï /ai-summarizer                          166 B           133 kB
Γö£ Γùï /ai-thesis-generator                    166 B           133 kB
Γö£ ╞Æ /api/a-or-b-grade-guarantee             0 B                0 B
Γö£ ╞Æ /api/admin/a-or-b-grade-guarantee       0 B                0 B
Γö£ ╞Æ /api/admin/assignment                   0 B                0 B
Γö£ ╞Æ /api/admin/essay-writing                0 B                0 B
Γö£ ╞Æ /api/admin/exam                         0 B                0 B
Γö£ ╞Æ /api/admin/faq                          0 B                0 B
Γö£ ╞Æ /api/admin/guarantee-anonymity          0 B                0 B
Γö£ ╞Æ /api/admin/home                         0 B                0 B
Γö£ ╞Æ /api/admin/homework                     0 B                0 B
Γö£ ╞Æ /api/admin/login                        0 B                0 B
Γö£ ╞Æ /api/admin/on-time-delivery-guarantee   0 B                0 B
Γö£ ╞Æ /api/admin/online-class                 0 B                0 B
Γö£ ╞Æ /api/admin/pages                        0 B                0 B
Γö£ ╞Æ /api/admin/plagiarism-free-process      0 B                0 B
Γö£ ╞Æ /api/admin/success-stories-and-reviews  0 B                0 B
Γö£ ╞Æ /api/admin/take-my-class                0 B                0 B
Γö£ ╞Æ /api/admin/take-my-class-1              0 B                0 B
Γö£ ╞Æ /api/admin/take-my-class-2              0 B                0 B
Γö£ ╞Æ /api/admin/take-my-exam                 0 B                0 B
Γö£ ╞Æ /api/admin/tools                        0 B                0 B
Γö£ ╞Æ /api/admin/us-based-phd-experts         0 B                0 B
Γö£ ╞Æ /api/assignment                         0 B                0 B
Γö£ ╞Æ /api/essay-writing                      0 B                0 B
Γö£ ╞Æ /api/exam                               0 B                0 B
Γö£ ╞Æ /api/guarantee-anonymity                0 B                0 B
Γö£ ╞Æ /api/home                               0 B                0 B
Γö£ ╞Æ /api/homework                           0 B                0 B
Γö£ ╞Æ /api/on-time-delivery-guarantee         0 B                0 B
Γö£ ╞Æ /api/online-class                       0 B                0 B
Γö£ ╞Æ /api/order/quote                        0 B                0 B
Γö£ ╞Æ /api/plagiarism-free-process            0 B                0 B
Γö£ ╞Æ /api/success-stories-and-reviews        0 B                0 B
Γö£ ╞Æ /api/take-my-class                      0 B                0 B
Γö£ ╞Æ /api/take-my-exam                       0 B                0 B
Γö£ ╞Æ /api/tools                              0 B                0 B
Γö£ ╞Æ /api/us-based-phd-experts               0 B                0 B
Γö£ ╞Æ /assignment                             1.93 kB         152 kB
Γö£ ΓùÅ /assignment/[subject]                   17.7 kB         191 kB
Γö£   Γö£ /assignment/accounting
Γö£   Γö£ /assignment/anatomy
Γö£   Γö£ /assignment/architecture
Γö£   Γöö [+24 more paths]
Γö£ Γùï /class-help                             197 B           213 kB
Γö£ Γùï /classhelpdiscount                      6.13 kB         349 kB
Γö£ Γùï /contact-us                             2.42 kB         141 kB
Γö£ Γùï /dissertation-writing-services          6.67 kB         226 kB
Γö£ Γùï /do-my-aleks-for-me                     197 B           213 kB
Γö£ Γùï /do-my-assignment                       1.93 kB         152 kB
Γö£ Γùï /do-my-class                            1.15 kB         356 kB
Γö£ Γùï /do-my-class-1                          1.15 kB         356 kB
Γö£ Γùï /do-my-class-2                          366 B           355 kB
Γö£ Γùï /do-my-exam                             200 B           216 kB
Γö£ ╞Æ /essay-writing                          3.42 kB         154 kB
Γö£ ΓùÅ /essay-writing/[subject]                18 kB           192 kB
Γö£   Γö£ /essay-writing/generic
Γö£   Γö£ /essay-writing/admissions
Γö£   Γö£ /essay-writing/research
Γö£   Γöö [+23 more paths]
Γö£ ╞Æ /exam                                   175 B           154 kB
Γö£ ΓùÅ /exam/[subject]                         190 B           192 kB
Γö£   Γö£ /exam/accounting
Γö£   Γö£ /exam/anatomy
Γö£   Γö£ /exam/architecture
Γö£   Γöö [+21 more paths]
Γö£ ╞Æ /exams                                  175 B           154 kB
Γö£ ΓùÅ /exams/[subject]                        190 B           192 kB
Γö£   Γö£ /exams/accounting
Γö£   Γö£ /exams/anatomy
Γö£   Γö£ /exams/architecture
Γö£   Γöö [+22 more paths]
Γö£ Γùï /forgot-password                        1.99 kB         159 kB
Γö£ ╞Æ /guarantee-anonymity                    11.2 kB         185 kB
Γö£ Γùï /help-me-with-my-exam                   198 B           216 kB
Γö£ ╞Æ /homework                               3.42 kB         154 kB
Γö£ ΓùÅ /homework/[subject]                     17.9 kB         192 kB
Γö£   Γö£ /homework/accounting
Γö£   Γö£ /homework/anatomy
Γö£   Γö£ /homework/architecture
Γö£   Γöö [+24 more paths]
Γö£ Γùï /login                                  1.27 kB        92.9 kB
Γö£ ╞Æ /on-time-delivery-guarantee             3.27 kB         184 kB
Γö£ ╞Æ /online-class                           1.93 kB         152 kB
Γö£ ΓùÅ /online-class/[subject]                 17.7 kB         191 kB
Γö£   Γö£ /online-class/accounting
Γö£   Γö£ /online-class/anatomy
Γö£   Γö£ /online-class/architecture
Γö£   Γöö [+21 more paths]
Γö£ Γùï /order                                  16.4 kB         278 kB
Γö£ Γùï /pay-for-someone-to-write-my-paper      4.68 kB         212 kB
Γö£ Γùï /pay-someone-to-do-my-assignment        13.8 kB         362 kB
Γö£ Γùï /pay-someone-to-do-my-edgenuity         197 B           213 kB
Γö£ Γùï /pay-someone-to-take-my-online-exam     329 B           209 kB
Γö£ ╞Æ /plagiarism-free-process                11.4 kB         185 kB
Γö£ Γùï /pricing                                4.32 kB         124 kB
Γö£ Γùï /privacy                                2.47 kB         141 kB
Γö£ Γùï /reset-password                         7.97 kB         141 kB
Γö£ Γùï /samples                                7.33 kB         215 kB
Γö£ Γùï /savemytime                             5.84 kB         349 kB
Γö£ Γùï /scan                                   224 kB          372 kB
Γö£ Γùï /scan/excercise                         7.83 kB         263 kB
Γö£ Γùï /scan/login                             4.8 kB          253 kB
Γö£ Γùï /scan/payment-successful                2.5 kB          106 kB
Γö£ Γùï /scan/payment-unsuccessful              2.03 kB        98.8 kB
Γö£ Γùï /scan/plans                             4.98 kB         264 kB
Γö£ Γùï /scan/register                          3.74 kB         252 kB
Γö£ Γùï /sign-in                                2.35 kB         160 kB
Γö£ Γùï /sign-up                                2.92 kB         160 kB
Γö£ ╞Æ /success-stories-and-reviews            2.62 kB         185 kB
Γö£ ╞Æ /take-my-class                          894 B           151 kB
Γö£ ╞Æ /take-my-class-1                        190 B           190 kB
Γö£ ╞Æ /take-my-class-2                        190 B           190 kB
Γö£ ╞Æ /take-my-exam                           825 B           151 kB
Γö£ Γùï /take-my-proctored-exam-for-me          329 B           209 kB
Γö£ Γùï /terms-and-conditions                   3.54 kB         142 kB
Γö£ Γùï /thank-you                              770 B           178 kB
Γö£ Γùï /thank-you-2                            2.38 kB         171 kB
Γö£ Γùï /thank-you-3                            754 B           167 kB
Γö£ ╞Æ /tools                                  3.1 kB          160 kB
Γö£ Γùï /tools/essay-outline-tool               2.2 kB          150 kB
Γö£ Γùï /tools/miles-to-millimeters             3.15 kB         149 kB
Γö£ Γùï /tools/paraphraser-tool                 3.01 kB         151 kB
Γö£ Γùï /tools/summarizer-tool                  3.08 kB         151 kB
Γö£ Γùï /tools/thesis-generator-tool            2.35 kB         150 kB
Γö£ ╞Æ /us-based-phd-experts                   3.24 kB         186 kB
Γöö Γùï /write-my-paper                         197 B           213 kB
+ First Load JS shared by all               91.7 kB
  Γö£ chunks/7023-4cab35ee2b7737f4.js         31.6 kB
  Γö£ chunks/fd9d1056-dde6362176e9ed64.js     53.6 kB
  Γöö other shared chunks (total)             6.38 kB


╞Æ Middleware                                28.1 kB

Γùï  (Static)   prerendered as static content
ΓùÅ  (SSG)      prerendered as static HTML (uses getStaticProps)
╞Æ  (Dynamic)  server-rendered on demand

